16:28:04 **** Incremental Build of configuration Debug for project 002_volatile_keyword ****
make -j16 all 
arm-none-eabi-size   002_volatile_keyword.elf 
   text	   data	    bss	    dec	    hex	filename
    672	      8	   1568	   2248	    8c8	002_volatile_keyword.elf
Finished building: default.size.stdout
 
16:28:13 **** Incremental Build of configuration Debug for project 002_volatile_keyword ****
make -j16 all 
arm-none-eabi-size   002_volatile_keyword.elf 
   text	   data	    bss	    dec	    hex	filename
    672	      8	   1568	   2248	    8c8	002_volatile_keyword.elf
Finished building: default.size.stdout
 
